../Core/Src/main.c:66:5:__io_putchar	16	static
../Core/Src/main.c:97:6:is_button_pressed	8	static
../Core/Src/main.c:105:6:HAL_GPIO_EXTI_Callback	16	static
../Core/Src/main.c:113:6:efektDiody_1	24	static
../Core/Src/main.c:136:6:efektDiody_3	24	static
../Core/Src/main.c:160:6:efektDiody_5	32	static
../Core/Src/main.c:200:6:line_append	16	static
../Core/Src/main.c:247:5:main	32	static
../Core/Src/main.c:385:6:SystemClock_Config	96	static
../Core/Src/main.c:438:6:Error_Handler	4	static,ignoring_inline_asm
